GAMS 24.8.2  r59988 Released Jan  3, 2017 WEX-WEI x86 64bit/MS Windows 02/22/17 02:19:09 Page 1
G e n e r a l   A l g e b r a i c   M o d e l i n g   S y s t e m
C o m p i l a t i o n


   1  Sets
   2          i /i1*i5/;
   3   
   4  Alias (i,j);
   5   
   6  Table d(i,j) distance matrix
INCLUDE    C:\Users\Drezemma\che345\distances.csv
   9  dummy,i1,i2,i3,i4,i5
  10  i1,,148247,298299,820916,477530
  11  i2,,,449545,911929,599757
  12  i3,,,,775233,390063
  13  i4,,,,,398472
  14  i5,,,,,
  16  ;
  17   
  18  d(i,j) = max(d(i,j), d(j,i));
  19   
  20  Binary Variable x(i,j)  decision variable: whether edge is taken;
  21  Variables
  22          z               objective: minimize distance;
  23   
  24  Equations
  25          obj             minimize distance
  26          rowsum(i)
  27          colsum(j)
  28          zero_diag       zero diagonal;
  29   
  30          obj .. z =e= sum((i,j), d(i,j)*x(i,j));
  31          rowsum(i) .. sum(j, x(i,j)) =e= 1;
  32          colsum(j) .. sum(i, x(i,j)) =e= 1;
  33          zero_diag .. sum(i, x(i,i)) =e= 0;
  34   
  35  Model tsp /all/;
  36   
  37  Option mip = CBC;
  38   
  39  Solve tsp using mip minimizing z;
  40   
GAMS 24.8.2  r59988 Released Jan  3, 2017 WEX-WEI x86 64bit/MS Windows 02/22/17 02:19:09 Page 2
G e n e r a l   A l g e b r a i c   M o d e l i n g   S y s t e m
Include File Summary


   SEQ   GLOBAL TYPE      PARENT   LOCAL  FILENAME

     1        1 INPUT          0       0  C:\Users\Drezemma\che345\optimization.
                                          gms
     2        8 INCLUDE        1       8  .C:\Users\Drezemma\che345\distances.cs
                                           v


COMPILATION TIME     =        0.000 SECONDS      3 MB  24.8.2 r59988 WEX-WEI
GAMS 24.8.2  r59988 Released Jan  3, 2017 WEX-WEI x86 64bit/MS Windows 02/22/17 02:19:09 Page 3
G e n e r a l   A l g e b r a i c   M o d e l i n g   S y s t e m
Equation Listing    SOLVE tsp Using MIP From line 39


---- obj  =E=  minimize distance

obj..  - 148247*x(i1,i2) - 298299*x(i1,i3) - 820916*x(i1,i4) - 477530*x(i1,i5)
     
      - 148247*x(i2,i1) - 449545*x(i2,i3) - 911929*x(i2,i4) - 599757*x(i2,i5)
     
      - 298299*x(i3,i1) - 449545*x(i3,i2) - 775233*x(i3,i4) - 390063*x(i3,i5)
     
      - 820916*x(i4,i1) - 911929*x(i4,i2) - 775233*x(i4,i3) - 398472*x(i4,i5)
     
      - 477530*x(i5,i1) - 599757*x(i5,i2) - 390063*x(i5,i3) - 398472*x(i5,i4)
     
      + z =E= 0 ; (LHS = 0)
     

---- rowsum  =E=  

rowsum(i1)..  x(i1,i1) + x(i1,i2) + x(i1,i3) + x(i1,i4) + x(i1,i5) =E= 1 ;
     
      (LHS = 0, INFES = 1 ****)
     
rowsum(i2)..  x(i2,i1) + x(i2,i2) + x(i2,i3) + x(i2,i4) + x(i2,i5) =E= 1 ;
     
      (LHS = 0, INFES = 1 ****)
     
rowsum(i3)..  x(i3,i1) + x(i3,i2) + x(i3,i3) + x(i3,i4) + x(i3,i5) =E= 1 ;
     
      (LHS = 0, INFES = 1 ****)
     
REMAINING 2 ENTRIES SKIPPED


---- colsum  =E=  

colsum(i1)..  x(i1,i1) + x(i2,i1) + x(i3,i1) + x(i4,i1) + x(i5,i1) =E= 1 ;
     
      (LHS = 0, INFES = 1 ****)
     
colsum(i2)..  x(i1,i2) + x(i2,i2) + x(i3,i2) + x(i4,i2) + x(i5,i2) =E= 1 ;
     
      (LHS = 0, INFES = 1 ****)
     
colsum(i3)..  x(i1,i3) + x(i2,i3) + x(i3,i3) + x(i4,i3) + x(i5,i3) =E= 1 ;
     
      (LHS = 0, INFES = 1 ****)
     
REMAINING 2 ENTRIES SKIPPED


---- zero_diag  =E=  zero diagonal

zero_diag..  x(i1,i1) + x(i2,i2) + x(i3,i3) + x(i4,i4) + x(i5,i5) =E= 0 ;
     
      (LHS = 0)
     
GAMS 24.8.2  r59988 Released Jan  3, 2017 WEX-WEI x86 64bit/MS Windows 02/22/17 02:19:09 Page 4
G e n e r a l   A l g e b r a i c   M o d e l i n g   S y s t e m
Column Listing      SOLVE tsp Using MIP From line 39


---- x  decision variable: whether edge is taken

x(i1,i1)
                (.LO, .L, .UP, .M = 0, 0, 1, 0)
        1       rowsum(i1)
        1       colsum(i1)
        1       zero_diag

x(i1,i2)
                (.LO, .L, .UP, .M = 0, 0, 1, 0)
  -148247       obj
        1       rowsum(i1)
        1       colsum(i2)

x(i1,i3)
                (.LO, .L, .UP, .M = 0, 0, 1, 0)
  -298299       obj
        1       rowsum(i1)
        1       colsum(i3)

REMAINING 22 ENTRIES SKIPPED

---- z  objective: minimize distance

z
                (.LO, .L, .UP, .M = -INF, 0, +INF, 0)
        1       obj

GAMS 24.8.2  r59988 Released Jan  3, 2017 WEX-WEI x86 64bit/MS Windows 02/22/17 02:19:09 Page 5
G e n e r a l   A l g e b r a i c   M o d e l i n g   S y s t e m
Model Statistics    SOLVE tsp Using MIP From line 39


MODEL STATISTICS

BLOCKS OF EQUATIONS           4     SINGLE EQUATIONS           12
BLOCKS OF VARIABLES           2     SINGLE VARIABLES           26
NON ZERO ELEMENTS            76     DISCRETE VARIABLES         25


GENERATION TIME      =        0.015 SECONDS      4 MB  24.8.2 r59988 WEX-WEI


EXECUTION TIME       =        0.015 SECONDS      4 MB  24.8.2 r59988 WEX-WEI
GAMS 24.8.2  r59988 Released Jan  3, 2017 WEX-WEI x86 64bit/MS Windows 02/22/17 02:19:09 Page 6
G e n e r a l   A l g e b r a i c   M o d e l i n g   S y s t e m
Solution Report     SOLVE tsp Using MIP From line 39


               S O L V E      S U M M A R Y

     MODEL   tsp                 OBJECTIVE  z
     TYPE    MIP                 DIRECTION  MINIMIZE
     SOLVER  CBC                 FROM LINE  39

**** SOLVER STATUS     1 Normal Completion         
**** MODEL STATUS      8 Integer Solution          
**** OBJECTIVE VALUE          1693035.0000

 RESOURCE USAGE, LIMIT          0.005      1000.000
 ITERATION COUNT, LIMIT         0    2000000000

COIN-OR CBC      24.8.2 r59988 Released Jan  3, 2017 WEI x86 64bit/MS Windows 

Integer solution of 1693035 found by feasibility pump after 0 iterations and 0 n
                                                             odes (0.00 seconds)
Search completed - best objective 1693035, took 0 iterations and 0 nodes (0.00 s
                                                                         econds)
Maximum depth 0, 0 variables fixed on reduced cost

Solved to optimality (within gap tolerances optca and optcr).
MIP solution:   1.693035e+006   (0 nodes, 0.005 seconds)
Best possible:  1.693035e+006
Absolute gap:   0.000000e+000   (absolute tolerance optca: 0)
Relative gap:   0.000000e+000   (relative tolerance optcr: 0.1)
Optimal - objective value 1693035

                       LOWER     LEVEL     UPPER    MARGINAL

---- EQU obj             .         .         .        1.000      

  obj  minimize distance

---- EQU rowsum  

      LOWER     LEVEL     UPPER    MARGINAL

i1     1.000     1.000     1.000      .         
i2     1.000     1.000     1.000      .         
i3     1.000     1.000     1.000      .         
i4     1.000     1.000     1.000      .         
i5     1.000     1.000     1.000      .         

---- EQU colsum  

      LOWER     LEVEL     UPPER    MARGINAL

i1     1.000     1.000     1.000      .         
i2     1.000     1.000     1.000      .         
i3     1.000     1.000     1.000      .         
i4     1.000     1.000     1.000      .         
i5     1.000     1.000     1.000      .         

                       LOWER     LEVEL     UPPER    MARGINAL

---- EQU zero_diag       .         .         .         .         

  zero_diag  zero diagonal

---- VAR x  decision variable: whether edge is taken

         LOWER     LEVEL     UPPER    MARGINAL

i1.i1      .         .        1.000      EPS       
i1.i2      .        1.000     1.000 1.4825E+5      
i1.i3      .         .        1.000 2.9830E+5      
i1.i4      .         .        1.000 8.2092E+5      
i1.i5      .         .        1.000 4.7753E+5      
i2.i1      .         .        1.000 1.4825E+5      
i2.i2      .         .        1.000      EPS       
i2.i3      .        1.000     1.000 4.4954E+5      
i2.i4      .         .        1.000 9.1193E+5      
i2.i5      .         .        1.000 5.9976E+5      
i3.i1      .        1.000     1.000 2.9830E+5      
i3.i2      .         .        1.000 4.4954E+5      
i3.i3      .         .        1.000      EPS       
i3.i4      .         .        1.000 7.7523E+5      
i3.i5      .         .        1.000 3.9006E+5      
i4.i1      .         .        1.000 8.2092E+5      
i4.i2      .         .        1.000 9.1193E+5      
i4.i3      .         .        1.000 7.7523E+5      
i4.i4      .         .        1.000      EPS       
i4.i5      .        1.000     1.000 3.9847E+5      
i5.i1      .         .        1.000 4.7753E+5      
i5.i2      .         .        1.000 5.9976E+5      
i5.i3      .         .        1.000 3.9006E+5      
i5.i4      .        1.000     1.000 3.9847E+5      
i5.i5      .         .        1.000      EPS       

                       LOWER     LEVEL     UPPER    MARGINAL

---- VAR z              -INF  1.6930E+6     +INF       .         

  z  objective: minimize distance


**** REPORT SUMMARY :        0     NONOPT
                             0 INFEASIBLE
                             0  UNBOUNDED


EXECUTION TIME       =        0.000 SECONDS      2 MB  24.8.2 r59988 WEX-WEI


USER: GAMS Development Corporation, Washington, DC   G871201/0000CA-ANY
      Free Demo,  202-342-0180,  sales@gams.com,  www.gams.com   DC0000


**** FILE SUMMARY

Input      C:\Users\Drezemma\che345\optimization.gms
Output     C:\Users\Drezemma\che345\optimization.lst
