GAMS 24.8.2  r59988 Released Jan  3, 2017 WEX-WEI x86 64bit/MS Windows 02/21/17 18:06:54 Page 1
G e n e r a l   A l g e b r a i c   M o d e l i n g   S y s t e m
C o m p i l a t i o n


   1  Sets
   2          i /i1*i5/
   3          S /i1*i3/;
   4   
   5   
   6  Alias (i,j);
   7   
   8  Table d(i,j) distance matrix
INCLUDE    C:\Users\Eric Taw\PycharmProjects\che345\distances.csv
  11  dummy,i1,i2,i3,i4,i5
  12  i1,,148247,298299,820916,477530
  13  i2,,,449545,911929,599757
  14  i3,,,,775233,390063
  15  i4,,,,,398472
  16  i5,,,,,
  18  ;
  19   
  20  d(i,j) = max(d(i,j), d(j,i));
  21   
  22  Binary Variable x(i,j)  decision variable: whether edge is taken;
  23  Variables
  24          z               objective: minimize distance;
  25   
  26  Equations
  27          obj             minimize distance
  28          rowsum(i)
  29          colsum(j)
  30          zero_diag       zero diagonal
  31          subtour         subtour elimination;
  32   
  33          obj .. z =e= sum((i,j), d(i,j)*x(i,j));
  34          rowsum(i) .. sum(j, x(i,j)) =e= 1;
  35          colsum(j) .. sum(i, x(i,j)) =e= 1;
  36          zero_diag .. sum(i, x(i,i)) =e= 0;
  37          subtour .. sum(S, x(i,j)) =l= 2;
****                               $149,149
**** LINE     31 INPUT       C:\Users\Eric Taw\PycharmProjects\che345\optimizati
                             on.gms
  38   
  39  Model tsp /all/;
  40   
  41  Solve tsp using mip minimizing z;
****                                  $257
**** LINE     35 INPUT       C:\Users\Eric Taw\PycharmProjects\che345\optimizati
                             on.gms
  42   
GAMS 24.8.2  r59988 Released Jan  3, 2017 WEX-WEI x86 64bit/MS Windows 02/21/17 18:06:54 Page 2
G e n e r a l   A l g e b r a i c   M o d e l i n g   S y s t e m
Error Messages


149  Uncontrolled set entered as constant
257  Solve statement not checked because of previous errors

**** 3 ERROR(S)   0 WARNING(S)
GAMS 24.8.2  r59988 Released Jan  3, 2017 WEX-WEI x86 64bit/MS Windows 02/21/17 18:06:54 Page 3
G e n e r a l   A l g e b r a i c   M o d e l i n g   S y s t e m
Include File Summary


   SEQ   GLOBAL TYPE      PARENT   LOCAL  FILENAME

     1        1 INPUT          0       0  C:\Users\Eric Taw\PycharmProjects\che3
                                          45\optimization.gms
     2       10 INCLUDE        1      10  .C:\Users\Eric Taw\PycharmProjects\che
                                           345\distances.csv


COMPILATION TIME     =        0.031 SECONDS      3 MB  24.8.2 r59988 WEX-WEI


USER: GAMS Development Corporation, Washington, DC   G871201/0000CA-ANY
      Free Demo,  202-342-0180,  sales@gams.com,  www.gams.com   DC0000


**** FILE SUMMARY

Input      C:\Users\Eric Taw\PycharmProjects\che345\optimization.gms
Output     C:\Users\Eric Taw\PycharmProjects\che345\optimization.lst

**** USER ERROR(S) ENCOUNTERED
